// Jest Snapshot v1, https://goo.gl/fbAQLP

exports[`frodo agent gateway describe "frodo agent gateway describe volker-dev -i frodo-test-ig-agent --json": should describe gateway agent in JSON format 1`] = `""`;

exports[`frodo agent gateway describe "frodo agent gateway describe volker-dev -i frodo-test-ig-agent": should describe gateway agent in table format 1`] = `""`;
