// Jest Snapshot v1, https://goo.gl/fbAQLP

exports[`frodo agent export "frodo agent export --agent-id frodo-test-java-agent": should export the agent with agent id "frodo-test-java-agent" 1`] = `1`;

exports[`frodo agent export "frodo agent export --agent-id frodo-test-java-agent": should export the agent with agent id "frodo-test-java-agent" 2`] = `""`;

exports[`frodo agent export "frodo agent export --all": should export all agents to a single file 1`] = `0`;

exports[`frodo agent export "frodo agent export --all": should export all agents to a single file 2`] = `""`;

exports[`frodo agent export "frodo agent export --all-separate --no-metadata --directory agentExportTestDir3": should export all agents to separate files in the directory agentExportTestDir3 1`] = `0`;

exports[`frodo agent export "frodo agent export --all-separate --no-metadata --directory agentExportTestDir3": should export all agents to separate files in the directory agentExportTestDir3 2`] = `""`;

exports[`frodo agent export "frodo agent export -AD agentExportTestDir4": should export all agents to separate files in the directory agentExportTestDir4 1`] = `0`;

exports[`frodo agent export "frodo agent export -AD agentExportTestDir4": should export all agents to separate files in the directory agentExportTestDir4 2`] = `""`;

exports[`frodo agent export "frodo agent export -NaD agentExportTestDir2": should export all agents to a single file in the directory agentExportTestDir2 1`] = `0`;

exports[`frodo agent export "frodo agent export -NaD agentExportTestDir2": should export all agents to a single file in the directory agentExportTestDir2 2`] = `""`;

exports[`frodo agent export "frodo agent export -Ni frodo-test-web-agent -D agentExportTestDir1": should export the agent with agent id "frodo-test-web-agent" into the directory named agentExportTestDir1 1`] = `0`;

exports[`frodo agent export "frodo agent export -Ni frodo-test-web-agent -D agentExportTestDir1": should export the agent with agent id "frodo-test-web-agent" into the directory named agentExportTestDir1 2`] = `""`;

exports[`frodo agent export "frodo agent export -a --file my-allAlphaAgents.agent.json": should export all agents to a single file named my-allAlphaAgents.agent.json 1`] = `0`;

exports[`frodo agent export "frodo agent export -a --file my-allAlphaAgents.agent.json": should export all agents to a single file named my-allAlphaAgents.agent.json 2`] = `""`;

exports[`frodo agent export "frodo agent export -i frodo-test-web-agent -f my-frodo-test-web-agent.agent.json": should export the agent with agent id "frodo-test-web-agent" into file named my-frodo-test-web-agent.agent.json 1`] = `0`;

exports[`frodo agent export "frodo agent export -i frodo-test-web-agent -f my-frodo-test-web-agent.agent.json": should export the agent with agent id "frodo-test-web-agent" into file named my-frodo-test-web-agent.agent.json 2`] = `""`;
